
> backend@0.0.1 test
> jest

node.exe : PASS 
src/app.controller.spec.ts 
(5.089 s)
At line:1 char:1
+ & 
"C:\Users\princ/node.exe" "C:
\Users\princ/node_modules/npm
/bin/npm- ...
+ ~~~~~~~~~~~~~~~~~~~~~~~~~~~
~~~~~~~~~~~~~~~~~~~~~~~~~~~~~
~~~~~~~~~~~~~
    + CategoryInfo           
   : NotSpecified: (PASS sr  
  c/app.co...ec.ts (5.089    
 s):String) [], RemoteExc    
eption
    + FullyQualifiedErrorId  
   : NativeCommandError
 
FAIL src/orders/orders.servic
e.spec.ts (5.311 s)
  ΓùÅ OrdersService ΓÇ║ 
should be defined

    Nest can't resolve 
dependencies of the 
OrdersService (?). Please 
make sure that the argument 
PrismaService at index [0] 
is available in the 
RootTestModule module.

    Potential solutions:
    - Is RootTestModule a 
valid NestJS module?
    - If PrismaService is a 
provider, is it part of the 
current RootTestModule?
    - If PrismaService is 
exported from a separate 
@Module, is that module 
imported within 
RootTestModule?
      @Module({
        imports: [ /* the 
Module containing 
PrismaService */ ]
      })

    For more common 
dependency resolution 
issues, see: https://docs.nes
tjs.com/faq/common-errors

    [0m [90m  6 |[39m
     [90m  7 |[39m   
beforeEach([36masync[39m 
() [33m=>[39m {
    
[31m[1m>[22m[39m[90m  8 
|[39m     [36mconst[39m 
module[33m:[39m 
[33mTestingModule[39m 
[33m=[39m [36mawait[39m 
[33mTest[39m[33m.[39mcreat
eTestingModule({
     [90m    |[39m         
                          
[31m[1m^[22m[39m
     [90m  9 |[39m       
providers[33m:[39m [[33mOr
dersService[39m][33m,[39m
     [90m 10 |[39m     })[
33m.[39mcompile()[33m;[39m
     [90m 11 |[39m[0m

      at TestingInjector.look
upComponentInParentModules (.
./node_modules/@nestjs/core/i
njector/injector.js:290:19)
      at TestingInjector.reso
lveComponentWrapper (../node_
modules/@nestjs/testing/testi
ng-injector.js:19:45)
      at resolveParam (../nod
e_modules/@nestjs/core/inject
or/injector.js:140:38)
          at async 
Promise.all (index 0)
      at TestingInjector.reso
lveConstructorParams (../node
_modules/@nestjs/core/injecto
r/injector.js:169:27)
      at 
TestingInjector.loadInstance 
(../node_modules/@nestjs/core
/injector/injector.js:75:13)
      at 
TestingInjector.loadProvider 
(../node_modules/@nestjs/core
/injector/injector.js:103:9)
      at ../node_modules/@nes
tjs/core/injector/instance-lo
ader.js:56:13
          at async 
Promise.all (index 3)
      at TestingInstanceLoade
r.createInstancesOfProviders 
(../node_modules/@nestjs/core
/injector/instance-loader.js:
55:9)
      at ../node_modules/@nes
tjs/core/injector/instance-lo
ader.js:40:13
          at async 
Promise.all (index 1)
      at TestingInstanceLoade
r.createInstances (../node_mo
dules/@nestjs/core/injector/i
nstance-loader.js:39:9)
      at TestingInstanceLoade
r.createInstancesOfDependenci
es (../node_modules/@nestjs/c
ore/injector/instance-loader.
js:22:13)
      at TestingInstanceLoade
r.createInstancesOfDependenci
es (../node_modules/@nestjs/t
esting/testing-instance-loade
r.js:9:9)
      at TestingModuleBuilder
.createInstancesOfDependencie
s (../node_modules/@nestjs/te
sting/testing-module.builder.
js:118:9)
      at 
TestingModuleBuilder.compile 
(../node_modules/@nestjs/test
ing/testing-module.builder.js
:74:9)
      at Object.<anonymous> (
orders/orders.service.spec.ts
:8:35)

FAIL src/orders/orders.contro
ller.spec.ts (5.497 s)
  ΓùÅ OrdersController ΓÇ║ 
should be defined

    Nest can't resolve 
dependencies of the 
OrdersController (?). Please 
make sure that the argument 
OrdersService at index [0] 
is available in the 
RootTestModule module.

    Potential solutions:
    - Is RootTestModule a 
valid NestJS module?
    - If OrdersService is a 
provider, is it part of the 
current RootTestModule?
    - If OrdersService is 
exported from a separate 
@Module, is that module 
imported within 
RootTestModule?
      @Module({
        imports: [ /* the 
Module containing 
OrdersService */ ]
      })

    For more common 
dependency resolution 
issues, see: https://docs.nes
tjs.com/faq/common-errors

    [0m [90m  6 |[39m
     [90m  7 |[39m   
beforeEach([36masync[39m 
() [33m=>[39m {
    
[31m[1m>[22m[39m[90m  8 
|[39m     [36mconst[39m 
module[33m:[39m 
[33mTestingModule[39m 
[33m=[39m [36mawait[39m 
[33mTest[39m[33m.[39mcreat
eTestingModule({
     [90m    |[39m         
                          
[31m[1m^[22m[39m
     [90m  9 |[39m       
controllers[33m:[39m [[33m
OrdersController[39m][33m,
[39m
     [90m 10 |[39m     })[
33m.[39mcompile()[33m;[39m
     [90m 11 |[39m[0m

      at TestingInjector.look
upComponentInParentModules (.
./node_modules/@nestjs/core/i
njector/injector.js:290:19)
      at TestingInjector.reso
lveComponentWrapper (../node_
modules/@nestjs/testing/testi
ng-injector.js:19:45)
      at resolveParam (../nod
e_modules/@nestjs/core/inject
or/injector.js:140:38)
          at async 
Promise.all (index 0)
      at TestingInjector.reso
lveConstructorParams (../node
_modules/@nestjs/core/injecto
r/injector.js:169:27)
      at 
TestingInjector.loadInstance 
(../node_modules/@nestjs/core
/injector/injector.js:75:13)
      at TestingInjector.load
Controller (../node_modules/@
nestjs/core/injector/injector
.js:94:9)
      at ../node_modules/@nes
tjs/core/injector/instance-lo
ader.js:68:13
          at async 
Promise.all (index 0)
      at TestingInstanceLoade
r.createInstancesOfController
s (../node_modules/@nestjs/co
re/injector/instance-loader.j
s:67:9)
      at ../node_modules/@nes
tjs/core/injector/instance-lo
ader.js:42:13
          at async 
Promise.all (index 1)
      at TestingInstanceLoade
r.createInstances (../node_mo
dules/@nestjs/core/injector/i
nstance-loader.js:39:9)
      at TestingInstanceLoade
r.createInstancesOfDependenci
es (../node_modules/@nestjs/c
ore/injector/instance-loader.
js:22:13)
      at TestingInstanceLoade
r.createInstancesOfDependenci
es (../node_modules/@nestjs/t
esting/testing-instance-loade
r.js:9:9)
      at TestingModuleBuilder
.createInstancesOfDependencie
s (../node_modules/@nestjs/te
sting/testing-module.builder.
js:118:9)
      at 
TestingModuleBuilder.compile 
(../node_modules/@nestjs/test
ing/testing-module.builder.js
:74:9)
      at Object.<anonymous> (
orders/orders.controller.spec
.ts:8:35)

FAIL src/products/products.co
ntroller.spec.ts (5.489 s)
  ΓùÅ ProductsController ΓÇ║ 
should be defined

    Nest can't resolve 
dependencies of the 
ProductsController (?). 
Please make sure that the 
argument ProductsService at 
index [0] is available in 
the RootTestModule module.

    Potential solutions:
    - Is RootTestModule a 
valid NestJS module?
    - If ProductsService is 
a provider, is it part of 
the current RootTestModule?
    - If ProductsService is 
exported from a separate 
@Module, is that module 
imported within 
RootTestModule?
      @Module({
        imports: [ /* the 
Module containing 
ProductsService */ ]
      })

    For more common 
dependency resolution 
issues, see: https://docs.nes
tjs.com/faq/common-errors

    [0m [90m  6 |[39m
     [90m  7 |[39m   
beforeEach([36masync[39m 
() [33m=>[39m {
    
[31m[1m>[22m[39m[90m  8 
|[39m     [36mconst[39m 
module[33m:[39m 
[33mTestingModule[39m 
[33m=[39m [36mawait[39m 
[33mTest[39m[33m.[39mcreat
eTestingModule({
     [90m    |[39m         
                          
[31m[1m^[22m[39m
     [90m  9 |[39m       
controllers[33m:[39m [[33m
ProductsController[39m][33m
,[39m
     [90m 10 |[39m     })[
33m.[39mcompile()[33m;[39m
     [90m 11 |[39m[0m

      at TestingInjector.look
upComponentInParentModules (.
./node_modules/@nestjs/core/i
njector/injector.js:290:19)
      at TestingInjector.reso
lveComponentWrapper (../node_
modules/@nestjs/testing/testi
ng-injector.js:19:45)
      at resolveParam (../nod
e_modules/@nestjs/core/inject
or/injector.js:140:38)
          at async 
Promise.all (index 0)
      at TestingInjector.reso
lveConstructorParams (../node
_modules/@nestjs/core/injecto
r/injector.js:169:27)
      at 
TestingInjector.loadInstance 
(../node_modules/@nestjs/core
/injector/injector.js:75:13)
      at TestingInjector.load
Controller (../node_modules/@
nestjs/core/injector/injector
.js:94:9)
      at ../node_modules/@nes
tjs/core/injector/instance-lo
ader.js:68:13
          at async 
Promise.all (index 0)
      at TestingInstanceLoade
r.createInstancesOfController
s (../node_modules/@nestjs/co
re/injector/instance-loader.j
s:67:9)
      at ../node_modules/@nes
tjs/core/injector/instance-lo
ader.js:42:13
          at async 
Promise.all (index 1)
      at TestingInstanceLoade
r.createInstances (../node_mo
dules/@nestjs/core/injector/i
nstance-loader.js:39:9)
      at TestingInstanceLoade
r.createInstancesOfDependenci
es (../node_modules/@nestjs/c
ore/injector/instance-loader.
js:22:13)
      at TestingInstanceLoade
r.createInstancesOfDependenci
es (../node_modules/@nestjs/t
esting/testing-instance-loade
r.js:9:9)
      at TestingModuleBuilder
.createInstancesOfDependencie
s (../node_modules/@nestjs/te
sting/testing-module.builder.
js:118:9)
      at 
TestingModuleBuilder.compile 
(../node_modules/@nestjs/test
ing/testing-module.builder.js
:74:9)
      at Object.<anonymous> (
products/products.controller.
spec.ts:8:35)

FAIL src/users/users.service.
spec.ts (5.57 s)
  ΓùÅ UsersService ΓÇ║ 
should be defined

    Nest can't resolve 
dependencies of the 
UsersService (?). Please 
make sure that the argument 
PrismaService at index [0] 
is available in the 
RootTestModule module.

    Potential solutions:
    - Is RootTestModule a 
valid NestJS module?
    - If PrismaService is a 
provider, is it part of the 
current RootTestModule?
    - If PrismaService is 
exported from a separate 
@Module, is that module 
imported within 
RootTestModule?
      @Module({
        imports: [ /* the 
Module containing 
PrismaService */ ]
      })

    For more common 
dependency resolution 
issues, see: https://docs.nes
tjs.com/faq/common-errors

    [0m [90m  6 |[39m
     [90m  7 |[39m   
beforeEach([36masync[39m 
() [33m=>[39m {
    
[31m[1m>[22m[39m[90m  8 
|[39m     [36mconst[39m 
module[33m:[39m 
[33mTestingModule[39m 
[33m=[39m [36mawait[39m 
[33mTest[39m[33m.[39mcreat
eTestingModule({
     [90m    |[39m         
                          
[31m[1m^[22m[39m
     [90m  9 |[39m       
providers[33m:[39m [[33mUs
ersService[39m][33m,[39m
     [90m 10 |[39m     })[
33m.[39mcompile()[33m;[39m
     [90m 11 |[39m[0m

      at TestingInjector.look
upComponentInParentModules (.
./node_modules/@nestjs/core/i
njector/injector.js:290:19)
      at TestingInjector.reso
lveComponentWrapper (../node_
modules/@nestjs/testing/testi
ng-injector.js:19:45)
      at resolveParam (../nod
e_modules/@nestjs/core/inject
or/injector.js:140:38)
          at async 
Promise.all (index 0)
      at TestingInjector.reso
lveConstructorParams (../node
_modules/@nestjs/core/injecto
r/injector.js:169:27)
      at 
TestingInjector.loadInstance 
(../node_modules/@nestjs/core
/injector/injector.js:75:13)
      at 
TestingInjector.loadProvider 
(../node_modules/@nestjs/core
/injector/injector.js:103:9)
      at ../node_modules/@nes
tjs/core/injector/instance-lo
ader.js:56:13
          at async 
Promise.all (index 3)
      at TestingInstanceLoade
r.createInstancesOfProviders 
(../node_modules/@nestjs/core
/injector/instance-loader.js:
55:9)
      at ../node_modules/@nes
tjs/core/injector/instance-lo
ader.js:40:13
          at async 
Promise.all (index 1)
      at TestingInstanceLoade
r.createInstances (../node_mo
dules/@nestjs/core/injector/i
nstance-loader.js:39:9)
      at TestingInstanceLoade
r.createInstancesOfDependenci
es (../node_modules/@nestjs/c
ore/injector/instance-loader.
js:22:13)
      at TestingInstanceLoade
r.createInstancesOfDependenci
es (../node_modules/@nestjs/t
esting/testing-instance-loade
r.js:9:9)
      at TestingModuleBuilder
.createInstancesOfDependencie
s (../node_modules/@nestjs/te
sting/testing-module.builder.
js:118:9)
      at 
TestingModuleBuilder.compile 
(../node_modules/@nestjs/test
ing/testing-module.builder.js
:74:9)
      at Object.<anonymous> (
users/users.service.spec.ts:8
:35)

FAIL src/users/users.controll
er.spec.ts (5.374 s)
  ΓùÅ UsersController ΓÇ║ 
should be defined

    Nest can't resolve 
dependencies of the 
UsersController (?). Please 
make sure that the argument 
UsersService at index [0] is 
available in the 
RootTestModule module.

    Potential solutions:
    - Is RootTestModule a 
valid NestJS module?
    - If UsersService is a 
provider, is it part of the 
current RootTestModule?
    - If UsersService is 
exported from a separate 
@Module, is that module 
imported within 
RootTestModule?
      @Module({
        imports: [ /* the 
Module containing 
UsersService */ ]
      })

    For more common 
dependency resolution 
issues, see: https://docs.nes
tjs.com/faq/common-errors

    [0m [90m  6 |[39m
     [90m  7 |[39m   
beforeEach([36masync[39m 
() [33m=>[39m {
    
[31m[1m>[22m[39m[90m  8 
|[39m     [36mconst[39m 
module[33m:[39m 
[33mTestingModule[39m 
[33m=[39m [36mawait[39m 
[33mTest[39m[33m.[39mcreat
eTestingModule({
     [90m    |[39m         
                          
[31m[1m^[22m[39m
     [90m  9 |[39m       
controllers[33m:[39m [[33m
UsersController[39m][33m,[
39m
     [90m 10 |[39m     })[
33m.[39mcompile()[33m;[39m
     [90m 11 |[39m[0m

      at TestingInjector.look
upComponentInParentModules (.
./node_modules/@nestjs/core/i
njector/injector.js:290:19)
      at TestingInjector.reso
lveComponentWrapper (../node_
modules/@nestjs/testing/testi
ng-injector.js:19:45)
      at resolveParam (../nod
e_modules/@nestjs/core/inject
or/injector.js:140:38)
          at async 
Promise.all (index 0)
      at TestingInjector.reso
lveConstructorParams (../node
_modules/@nestjs/core/injecto
r/injector.js:169:27)
      at 
TestingInjector.loadInstance 
(../node_modules/@nestjs/core
/injector/injector.js:75:13)
      at TestingInjector.load
Controller (../node_modules/@
nestjs/core/injector/injector
.js:94:9)
      at ../node_modules/@nes
tjs/core/injector/instance-lo
ader.js:68:13
          at async 
Promise.all (index 0)
      at TestingInstanceLoade
r.createInstancesOfController
s (../node_modules/@nestjs/co
re/injector/instance-loader.j
s:67:9)
      at ../node_modules/@nes
tjs/core/injector/instance-lo
ader.js:42:13
          at async 
Promise.all (index 1)
      at TestingInstanceLoade
r.createInstances (../node_mo
dules/@nestjs/core/injector/i
nstance-loader.js:39:9)
      at TestingInstanceLoade
r.createInstancesOfDependenci
es (../node_modules/@nestjs/c
ore/injector/instance-loader.
js:22:13)
      at TestingInstanceLoade
r.createInstancesOfDependenci
es (../node_modules/@nestjs/t
esting/testing-instance-loade
r.js:9:9)
      at TestingModuleBuilder
.createInstancesOfDependencie
s (../node_modules/@nestjs/te
sting/testing-module.builder.
js:118:9)
      at 
TestingModuleBuilder.compile 
(../node_modules/@nestjs/test
ing/testing-module.builder.js
:74:9)
      at Object.<anonymous> (
users/users.controller.spec.t
s:8:35)

FAIL src/order-items/order-it
ems.service.spec.ts (5.603 s)
  ΓùÅ OrderItemsService ΓÇ║ 
should be defined

    Nest can't resolve 
dependencies of the 
OrderItemsService (?). 
Please make sure that the 
argument PrismaService at 
index [0] is available in 
the RootTestModule module.

    Potential solutions:
    - Is RootTestModule a 
valid NestJS module?
    - If PrismaService is a 
provider, is it part of the 
current RootTestModule?
    - If PrismaService is 
exported from a separate 
@Module, is that module 
imported within 
RootTestModule?
      @Module({
        imports: [ /* the 
Module containing 
PrismaService */ ]
      })

    For more common 
dependency resolution 
issues, see: https://docs.nes
tjs.com/faq/common-errors

    [0m [90m  6 |[39m
     [90m  7 |[39m   
beforeEach([36masync[39m 
() [33m=>[39m {
    
[31m[1m>[22m[39m[90m  8 
|[39m     [36mconst[39m 
module[33m:[39m 
[33mTestingModule[39m 
[33m=[39m [36mawait[39m 
[33mTest[39m[33m.[39mcreat
eTestingModule({
     [90m    |[39m         
                          
[31m[1m^[22m[39m
     [90m  9 |[39m       
providers[33m:[39m [[33mOr
derItemsService[39m][33m,[
39m
     [90m 10 |[39m     })[
33m.[39mcompile()[33m;[39m
     [90m 11 |[39m[0m

      at TestingInjector.look
upComponentInParentModules (.
./node_modules/@nestjs/core/i
njector/injector.js:290:19)
      at TestingInjector.reso
lveComponentWrapper (../node_
modules/@nestjs/testing/testi
ng-injector.js:19:45)
      at resolveParam (../nod
e_modules/@nestjs/core/inject
or/injector.js:140:38)
          at async 
Promise.all (index 0)
      at TestingInjector.reso
lveConstructorParams (../node
_modules/@nestjs/core/injecto
r/injector.js:169:27)
      at 
TestingInjector.loadInstance 
(../node_modules/@nestjs/core
/injector/injector.js:75:13)
      at 
TestingInjector.loadProvider 
(../node_modules/@nestjs/core
/injector/injector.js:103:9)
      at ../node_modules/@nes
tjs/core/injector/instance-lo
ader.js:56:13
          at async 
Promise.all (index 3)
      at TestingInstanceLoade
r.createInstancesOfProviders 
(../node_modules/@nestjs/core
/injector/instance-loader.js:
55:9)
      at ../node_modules/@nes
tjs/core/injector/instance-lo
ader.js:40:13
          at async 
Promise.all (index 1)
      at TestingInstanceLoade
r.createInstances (../node_mo
dules/@nestjs/core/injector/i
nstance-loader.js:39:9)
      at TestingInstanceLoade
r.createInstancesOfDependenci
es (../node_modules/@nestjs/c
ore/injector/instance-loader.
js:22:13)
      at TestingInstanceLoade
r.createInstancesOfDependenci
es (../node_modules/@nestjs/t
esting/testing-instance-loade
r.js:9:9)
      at TestingModuleBuilder
.createInstancesOfDependencie
s (../node_modules/@nestjs/te
sting/testing-module.builder.
js:118:9)
      at 
TestingModuleBuilder.compile 
(../node_modules/@nestjs/test
ing/testing-module.builder.js
:74:9)
      at Object.<anonymous> (
order-items/order-items.servi
ce.spec.ts:8:35)

FAIL src/order-items/order-it
ems.controller.spec.ts 
(5.474 s)
  ΓùÅ OrderItemsController 
ΓÇ║ should be defined

    Nest can't resolve 
dependencies of the 
OrderItemsController (?). 
Please make sure that the 
argument OrderItemsService 
at index [0] is available in 
the RootTestModule module.

    Potential solutions:
    - Is RootTestModule a 
valid NestJS module?
    - If OrderItemsService 
is a provider, is it part of 
the current RootTestModule?
    - If OrderItemsService 
is exported from a separate 
@Module, is that module 
imported within 
RootTestModule?
      @Module({
        imports: [ /* the 
Module containing 
OrderItemsService */ ]
      })

    For more common 
dependency resolution 
issues, see: https://docs.nes
tjs.com/faq/common-errors

    [0m [90m  6 |[39m
     [90m  7 |[39m   
beforeEach([36masync[39m 
() [33m=>[39m {
    
[31m[1m>[22m[39m[90m  8 
|[39m     [36mconst[39m 
module[33m:[39m 
[33mTestingModule[39m 
[33m=[39m [36mawait[39m 
[33mTest[39m[33m.[39mcreat
eTestingModule({
     [90m    |[39m         
                          
[31m[1m^[22m[39m
     [90m  9 |[39m       
controllers[33m:[39m [[33m
OrderItemsController[39m][3
3m,[39m
     [90m 10 |[39m     })[
33m.[39mcompile()[33m;[39m
     [90m 11 |[39m[0m

      at TestingInjector.look
upComponentInParentModules (.
./node_modules/@nestjs/core/i
njector/injector.js:290:19)
      at TestingInjector.reso
lveComponentWrapper (../node_
modules/@nestjs/testing/testi
ng-injector.js:19:45)
      at resolveParam (../nod
e_modules/@nestjs/core/inject
or/injector.js:140:38)
          at async 
Promise.all (index 0)
      at TestingInjector.reso
lveConstructorParams (../node
_modules/@nestjs/core/injecto
r/injector.js:169:27)
      at 
TestingInjector.loadInstance 
(../node_modules/@nestjs/core
/injector/injector.js:75:13)
      at TestingInjector.load
Controller (../node_modules/@
nestjs/core/injector/injector
.js:94:9)
      at ../node_modules/@nes
tjs/core/injector/instance-lo
ader.js:68:13
          at async 
Promise.all (index 0)
      at TestingInstanceLoade
r.createInstancesOfController
s (../node_modules/@nestjs/co
re/injector/instance-loader.j
s:67:9)
      at ../node_modules/@nes
tjs/core/injector/instance-lo
ader.js:42:13
          at async 
Promise.all (index 1)
      at TestingInstanceLoade
r.createInstances (../node_mo
dules/@nestjs/core/injector/i
nstance-loader.js:39:9)
      at TestingInstanceLoade
r.createInstancesOfDependenci
es (../node_modules/@nestjs/c
ore/injector/instance-loader.
js:22:13)
      at TestingInstanceLoade
r.createInstancesOfDependenci
es (../node_modules/@nestjs/t
esting/testing-instance-loade
r.js:9:9)
      at TestingModuleBuilder
.createInstancesOfDependencie
s (../node_modules/@nestjs/te
sting/testing-module.builder.
js:118:9)
      at 
TestingModuleBuilder.compile 
(../node_modules/@nestjs/test
ing/testing-module.builder.js
:74:9)
      at Object.<anonymous> (
order-items/order-items.contr
oller.spec.ts:8:35)

FAIL src/products/products.se
rvice.spec.ts (5.346 s)
  ΓùÅ ProductsService ΓÇ║ 
should be defined

    Nest can't resolve 
dependencies of the 
ProductsService (?). Please 
make sure that the argument 
PrismaService at index [0] 
is available in the 
RootTestModule module.

    Potential solutions:
    - Is RootTestModule a 
valid NestJS module?
    - If PrismaService is a 
provider, is it part of the 
current RootTestModule?
    - If PrismaService is 
exported from a separate 
@Module, is that module 
imported within 
RootTestModule?
      @Module({
        imports: [ /* the 
Module containing 
PrismaService */ ]
      })

    For more common 
dependency resolution 
issues, see: https://docs.nes
tjs.com/faq/common-errors

    [0m [90m  6 |[39m
     [90m  7 |[39m   
beforeEach([36masync[39m 
() [33m=>[39m {
    
[31m[1m>[22m[39m[90m  8 
|[39m     [36mconst[39m 
module[33m:[39m 
[33mTestingModule[39m 
[33m=[39m [36mawait[39m 
[33mTest[39m[33m.[39mcreat
eTestingModule({
     [90m    |[39m         
                          
[31m[1m^[22m[39m
     [90m  9 |[39m       
providers[33m:[39m [[33mPr
oductsService[39m][33m,[39
m
     [90m 10 |[39m     })[
33m.[39mcompile()[33m;[39m
     [90m 11 |[39m[0m

      at TestingInjector.look
upComponentInParentModules (.
./node_modules/@nestjs/core/i
njector/injector.js:290:19)
      at TestingInjector.reso
lveComponentWrapper (../node_
modules/@nestjs/testing/testi
ng-injector.js:19:45)
      at resolveParam (../nod
e_modules/@nestjs/core/inject
or/injector.js:140:38)
          at async 
Promise.all (index 0)
      at TestingInjector.reso
lveConstructorParams (../node
_modules/@nestjs/core/injecto
r/injector.js:169:27)
      at 
TestingInjector.loadInstance 
(../node_modules/@nestjs/core
/injector/injector.js:75:13)
      at 
TestingInjector.loadProvider 
(../node_modules/@nestjs/core
/injector/injector.js:103:9)
      at ../node_modules/@nes
tjs/core/injector/instance-lo
ader.js:56:13
          at async 
Promise.all (index 3)
      at TestingInstanceLoade
r.createInstancesOfProviders 
(../node_modules/@nestjs/core
/injector/instance-loader.js:
55:9)
      at ../node_modules/@nes
tjs/core/injector/instance-lo
ader.js:40:13
          at async 
Promise.all (index 1)
      at TestingInstanceLoade
r.createInstances (../node_mo
dules/@nestjs/core/injector/i
nstance-loader.js:39:9)
      at TestingInstanceLoade
r.createInstancesOfDependenci
es (../node_modules/@nestjs/c
ore/injector/instance-loader.
js:22:13)
      at TestingInstanceLoade
r.createInstancesOfDependenci
es (../node_modules/@nestjs/t
esting/testing-instance-loade
r.js:9:9)
      at TestingModuleBuilder
.createInstancesOfDependencie
s (../node_modules/@nestjs/te
sting/testing-module.builder.
js:118:9)
      at 
TestingModuleBuilder.compile 
(../node_modules/@nestjs/test
ing/testing-module.builder.js
:74:9)
      at Object.<anonymous> (
products/products.service.spe
c.ts:8:35)

FAIL src/auth/auth.service.sp
ec.ts (5.648 s)
  ΓùÅ AuthService ΓÇ║ should 
be defined

    Nest can't resolve 
dependencies of the 
AuthService (?, JwtService). 
Please make sure that the 
argument PrismaService at 
index [0] is available in 
the RootTestModule module.

    Potential solutions:
    - Is RootTestModule a 
valid NestJS module?
    - If PrismaService is a 
provider, is it part of the 
current RootTestModule?
    - If PrismaService is 
exported from a separate 
@Module, is that module 
imported within 
RootTestModule?
      @Module({
        imports: [ /* the 
Module containing 
PrismaService */ ]
      })

    For more common 
dependency resolution 
issues, see: https://docs.nes
tjs.com/faq/common-errors

    [0m [90m  6 |[39m
     [90m  7 |[39m   
beforeEach([36masync[39m 
() [33m=>[39m {
    
[31m[1m>[22m[39m[90m  8 
|[39m     [36mconst[39m 
module[33m:[39m 
[33mTestingModule[39m 
[33m=[39m [36mawait[39m 
[33mTest[39m[33m.[39mcreat
eTestingModule({
     [90m    |[39m         
                          
[31m[1m^[22m[39m
     [90m  9 |[39m       
providers[33m:[39m [[33mAu
thService[39m][33m,[39m
     [90m 10 |[39m     })[
33m.[39mcompile()[33m;[39m
     [90m 11 |[39m[0m

      at TestingInjector.look
upComponentInParentModules (.
./node_modules/@nestjs/core/i
njector/injector.js:290:19)
      at TestingInjector.reso
lveComponentWrapper (../node_
modules/@nestjs/testing/testi
ng-injector.js:19:45)
      at resolveParam (../nod
e_modules/@nestjs/core/inject
or/injector.js:140:38)
          at async 
Promise.all (index 0)
      at TestingInjector.reso
lveConstructorParams (../node
_modules/@nestjs/core/injecto
r/injector.js:169:27)
      at 
TestingInjector.loadInstance 
(../node_modules/@nestjs/core
/injector/injector.js:75:13)
      at 
TestingInjector.loadProvider 
(../node_modules/@nestjs/core
/injector/injector.js:103:9)
      at ../node_modules/@nes
tjs/core/injector/instance-lo
ader.js:56:13
          at async 
Promise.all (index 3)
      at TestingInstanceLoade
r.createInstancesOfProviders 
(../node_modules/@nestjs/core
/injector/instance-loader.js:
55:9)
      at ../node_modules/@nes
tjs/core/injector/instance-lo
ader.js:40:13
          at async 
Promise.all (index 1)
      at TestingInstanceLoade
r.createInstances (../node_mo
dules/@nestjs/core/injector/i
nstance-loader.js:39:9)
      at TestingInstanceLoade
r.createInstancesOfDependenci
es (../node_modules/@nestjs/c
ore/injector/instance-loader.
js:22:13)
      at TestingInstanceLoade
r.createInstancesOfDependenci
es (../node_modules/@nestjs/t
esting/testing-instance-loade
r.js:9:9)
      at TestingModuleBuilder
.createInstancesOfDependencie
s (../node_modules/@nestjs/te
sting/testing-module.builder.
js:118:9)
      at 
TestingModuleBuilder.compile 
(../node_modules/@nestjs/test
ing/testing-module.builder.js
:74:9)
      at Object.<anonymous> (
auth/auth.service.spec.ts:8:3
5)

PASS src/auth/jwt/jwt.guard.s
pec.ts
FAIL src/auth/auth.controller
.spec.ts (6.384 s)
  ΓùÅ AuthController ΓÇ║ 
should be defined

    Nest can't resolve 
dependencies of the 
AuthController (?). Please 
make sure that the argument 
AuthService at index [0] is 
available in the 
RootTestModule module.

    Potential solutions:
    - Is RootTestModule a 
valid NestJS module?
    - If AuthService is a 
provider, is it part of the 
current RootTestModule?
    - If AuthService is 
exported from a separate 
@Module, is that module 
imported within 
RootTestModule?
      @Module({
        imports: [ /* the 
Module containing 
AuthService */ ]
      })

    For more common 
dependency resolution 
issues, see: https://docs.nes
tjs.com/faq/common-errors

    [0m [90m  6 |[39m
     [90m  7 |[39m   
beforeEach([36masync[39m 
() [33m=>[39m {
    
[31m[1m>[22m[39m[90m  8 
|[39m     [36mconst[39m 
module[33m:[39m 
[33mTestingModule[39m 
[33m=[39m [36mawait[39m 
[33mTest[39m[33m.[39mcreat
eTestingModule({
     [90m    |[39m         
                          
[31m[1m^[22m[39m
     [90m  9 |[39m       
controllers[33m:[39m [[33m
AuthController[39m][33m,[3
9m
     [90m 10 |[39m     })[
33m.[39mcompile()[33m;[39m
     [90m 11 |[39m[0m

      at TestingInjector.look
upComponentInParentModules (.
./node_modules/@nestjs/core/i
njector/injector.js:290:19)
      at TestingInjector.reso
lveComponentWrapper (../node_
modules/@nestjs/testing/testi
ng-injector.js:19:45)
      at resolveParam (../nod
e_modules/@nestjs/core/inject
or/injector.js:140:38)
          at async 
Promise.all (index 0)
      at TestingInjector.reso
lveConstructorParams (../node
_modules/@nestjs/core/injecto
r/injector.js:169:27)
      at 
TestingInjector.loadInstance 
(../node_modules/@nestjs/core
/injector/injector.js:75:13)
      at TestingInjector.load
Controller (../node_modules/@
nestjs/core/injector/injector
.js:94:9)
      at ../node_modules/@nes
tjs/core/injector/instance-lo
ader.js:68:13
          at async 
Promise.all (index 0)
      at TestingInstanceLoade
r.createInstancesOfController
s (../node_modules/@nestjs/co
re/injector/instance-loader.j
s:67:9)
      at ../node_modules/@nes
tjs/core/injector/instance-lo
ader.js:42:13
          at async 
Promise.all (index 1)
      at TestingInstanceLoade
r.createInstances (../node_mo
dules/@nestjs/core/injector/i
nstance-loader.js:39:9)
      at TestingInstanceLoade
r.createInstancesOfDependenci
es (../node_modules/@nestjs/c
ore/injector/instance-loader.
js:22:13)
      at TestingInstanceLoade
r.createInstancesOfDependenci
es (../node_modules/@nestjs/t
esting/testing-instance-loade
r.js:9:9)
      at TestingModuleBuilder
.createInstancesOfDependencie
s (../node_modules/@nestjs/te
sting/testing-module.builder.
js:118:9)
      at 
TestingModuleBuilder.compile 
(../node_modules/@nestjs/test
ing/testing-module.builder.js
:74:9)
      at Object.<anonymous> (
auth/auth.controller.spec.ts:
8:35)

Test Suites: 10 failed, 2 
passed, 12 total
Tests:       10 failed, 2 
passed, 12 total
Snapshots:   0 total
Time:        16.236 s
Ran all test suites.
